pytest : C:\Users\mason\Desktop\misc\constellation-backend\venv310\lib\site-packages\pytest_asyncio\plugin.py:208: PytestDeprecationWarning: The configuration option "asyncio_default_fixture_loop_scope" is unset.
At line:1 char:1
+ pytest > pytest_output.txt 2>&1
+ ~~~~~~~~~~~~~~~~~~~~~~~~~~~~~~~
    + CategoryInfo          : NotSpecified: (C:\Users\mason\...cope" is unset.:String) [], RemoteException
    + FullyQualifiedErrorId : NativeCommandError
 
The event loop scope for asynchronous fixtures will default to the fixture caching scope. Future versions of pytest-asyncio will default the loop scope for asynchronous fixtures to function scope. Set the default fixture loop scope explicitly in order to 
avoid unexpected behavior in the future. Valid fixture loop scopes are: "function", "class", "module", "package", "session"

  warnings.warn(PytestDeprecationWarning(_DEFAULT_FIXTURE_LOOP_SCOPE_UNSET))
============================= test session starts =============================
platform win32 -- Python 3.10.7, pytest-8.3.3, pluggy-1.5.0
rootdir: C:\Users\mason\Desktop\misc\constellation-backend
plugins: anyio-4.5.0, asyncio-0.24.0
asyncio: mode=strict, default_loop_scope=None
collected 22 items / 3 errors

=================================== ERRORS ====================================
____________________ ERROR collecting tests/test_blocks.py ____________________
tests\test_blocks.py:7: in <module>
    from app.main import app
app\main.py:78: in <module>
    from app.routes import blocks, edges, pipelines, audit_logs, users
app\routes\__init__.py:1: in <module>
    from .blocks import router as blocks_router
app\routes\blocks.py:158: in <module>
    name: Optional[str] = Query(None, description="Filter by block name"),
E   NameError: name 'Query' is not defined
____________________ ERROR collecting tests/test_edges.py _____________________
tests\test_edges.py:7: in <module>
    from app.main import app
app\main.py:78: in <module>
    from app.routes import blocks, edges, pipelines, audit_logs, users
app\routes\__init__.py:1: in <module>
    from .blocks import router as blocks_router
app\routes\blocks.py:158: in <module>
    name: Optional[str] = Query(None, description="Filter by block name"),
E   NameError: name 'Query' is not defined
__________________ ERROR collecting tests/test_pipelines.py ___________________
tests\test_pipelines.py:7: in <module>
    from app.main import app
app\main.py:78: in <module>
    from app.routes import blocks, edges, pipelines, audit_logs, users
app\routes\__init__.py:1: in <module>
    from .blocks import router as blocks_router
app\routes\blocks.py:158: in <module>
    name: Optional[str] = Query(None, description="Filter by block name"),
E   NameError: name 'Query' is not defined
============================== warnings summary ===============================
venv310\lib\site-packages\pydantic\_internal\_config.py:291
venv310\lib\site-packages\pydantic\_internal\_config.py:291
  C:\Users\mason\Desktop\misc\constellation-backend\venv310\lib\site-packages\pydantic\_internal\_config.py:291: PydanticDeprecatedSince20: Support for class-based `config` is deprecated, use ConfigDict instead. Deprecated in Pydantic V2.0 to be removed in V3.0. See Pydantic V2 Migration Guide at https://errors.pydantic.dev/2.9/migration/
    warnings.warn(DEPRECATION_MESSAGE, DeprecationWarning)

-- Docs: https://docs.pytest.org/en/stable/how-to/capture-warnings.html
=========================== short test summary info ===========================
ERROR tests/test_blocks.py - NameError: name 'Query' is not defined
ERROR tests/test_edges.py - NameError: name 'Query' is not defined
ERROR tests/test_pipelines.py - NameError: name 'Query' is not defined
!!!!!!!!!!!!!!!!!!! Interrupted: 3 errors during collection !!!!!!!!!!!!!!!!!!!
======================== 2 warnings, 3 errors in 1.08s ========================
